\BOOKMARK [1][-]{section.1}{\376\377\000I\000n\000t\000r\000o\000d\000u\000c\000t\000i\000o\000n}{}% 1
\BOOKMARK [1][-]{section.2}{\376\377\000A\000n\000a\000l\000y\000s\000e\000\040\000d\000e\000s\000\040\000b\000e\000s\000o\000i\000n\000s}{}% 2
\BOOKMARK [2][-]{subsection.2.1}{\376\377\000B\000e\000s\000o\000i\000n\000s\000\040\000f\000o\000n\000c\000t\000i\000o\000n\000n\000e\000l\000s}{section.2}% 3
\BOOKMARK [2][-]{subsection.2.2}{\376\377\000B\000e\000s\000o\000i\000n\000s\000\040\000n\000o\000n\000\040\000f\000o\000n\000c\000t\000i\000o\000n\000n\000e\000l\000s}{section.2}% 4
\BOOKMARK [1][-]{section.3}{\376\377\000D\000e\000s\000c\000r\000i\000p\000t\000i\000o\000n\000\040\000f\000o\000n\000c\000t\000i\000o\000n\000n\000e\000l\000l\000e}{}% 5
\BOOKMARK [2][-]{subsection.3.1}{\376\377\000P\000r\000o\000f\000i\000l\000s\000\040\000u\000t\000i\000l\000i\000s\000a\000t\000e\000u\000r\000s}{section.3}% 6
\BOOKMARK [2][-]{subsection.3.2}{\376\377\000F\000o\000n\000c\000t\000i\000o\000n\000n\000a\000l\000i\000t\000\351\000s\000\040\000p\000r\000i\000n\000c\000i\000p\000a\000l\000e\000s}{section.3}% 7
\BOOKMARK [1][-]{section.4}{\376\377\000A\000r\000c\000h\000i\000t\000e\000c\000t\000u\000r\000e\000\040\000t\000e\000c\000h\000n\000i\000q\000u\000e}{}% 8
\BOOKMARK [2][-]{subsection.4.1}{\376\377\000V\000u\000e\000\040\000d\000'\000e\000n\000s\000e\000m\000b\000l\000e}{section.4}% 9
\BOOKMARK [2][-]{subsection.4.2}{\376\377\000S\000\351\000c\000u\000r\000i\000t\000\351\000\040\000e\000t\000\040\000c\000o\000n\000t\000r\000\364\000l\000e\000\040\000d\000'\000a\000c\000c\000\350\000s}{section.4}% 10
\BOOKMARK [1][-]{section.5}{\376\377\000T\000e\000c\000h\000n\000o\000l\000o\000g\000i\000e\000s\000\040\000u\000t\000i\000l\000i\000s\000\351\000e\000s}{}% 11
\BOOKMARK [1][-]{section.6}{\376\377\000S\000t\000r\000u\000c\000t\000u\000r\000e\000\040\000d\000u\000\040\000c\000o\000d\000e}{}% 12
\BOOKMARK [2][-]{subsection.6.1}{\376\377\000O\000r\000g\000a\000n\000i\000s\000a\000t\000i\000o\000n\000\040\000d\000u\000\040\000d\000\351\000p\000\364\000t}{section.6}% 13
\BOOKMARK [2][-]{subsection.6.2}{\376\377\000F\000i\000c\000h\000i\000e\000r\000s\000\040\000p\000r\000i\000n\000c\000i\000p\000a\000u\000x\000\040\000e\000t\000\040\000r\000\364\000l\000e\000s}{section.6}% 14
\BOOKMARK [1][-]{section.7}{\376\377\000L\000o\000g\000i\000q\000u\000e\000\040\000d\000e\000\040\000f\000o\000n\000c\000t\000i\000o\000n\000n\000e\000m\000e\000n\000t\000\040\000e\000t\000\040\000w\000o\000r\000k\000f\000l\000o\000w}{}% 15
\BOOKMARK [2][-]{subsection.7.1}{\376\377\000C\000h\000a\000\356\000n\000e\000\040\000f\000o\000n\000c\000t\000i\000o\000n\000n\000e\000l\000l\000e\000\040\000p\000r\000i\000n\000c\000i\000p\000a\000l\000e}{section.7}% 16
\BOOKMARK [2][-]{subsection.7.2}{\376\377\000R\000\350\000g\000l\000e\000s\000\040\000d\000e\000\040\000s\000t\000o\000c\000k}{section.7}% 17
\BOOKMARK [1][-]{section.8}{\376\377\000I\000m\000p\000l\000\351\000m\000e\000n\000t\000a\000t\000i\000o\000n}{}% 18
\BOOKMARK [2][-]{subsection.8.1}{\376\377\000C\000o\000u\000c\000h\000e\000\040\000m\000o\000d\000\350\000l\000e}{section.8}% 19
\BOOKMARK [2][-]{subsection.8.2}{\376\377\000C\000o\000u\000c\000h\000e\000\040\000v\000u\000e\000/\000c\000o\000n\000t\000r\000\364\000l\000e\000u\000r}{section.8}% 20
\BOOKMARK [2][-]{subsection.8.3}{\376\377\000C\000o\000u\000c\000h\000e\000\040\000p\000r\000\351\000s\000e\000n\000t\000a\000t\000i\000o\000n}{section.8}% 21
\BOOKMARK [2][-]{subsection.8.4}{\376\377\000D\000o\000n\000n\000\351\000e\000s\000\040\000d\000e\000\040\000d\000\351\000m\000o\000n\000s\000t\000r\000a\000t\000i\000o\000n}{section.8}% 22
\BOOKMARK [1][-]{section.9}{\376\377\000T\000e\000s\000t\000s\000\040\000e\000t\000\040\000v\000a\000l\000i\000d\000a\000t\000i\000o\000n}{}% 23
\BOOKMARK [2][-]{subsection.9.1}{\376\377\000V\000a\000l\000i\000d\000a\000t\000i\000o\000n\000\040\000t\000e\000c\000h\000n\000i\000q\000u\000e}{section.9}% 24
\BOOKMARK [2][-]{subsection.9.2}{\376\377\000L\000i\000m\000i\000t\000e\000s\000\040\000a\000c\000t\000u\000e\000l\000l\000e\000s}{section.9}% 25
\BOOKMARK [1][-]{section.10}{\376\377\000E\000x\000p\000l\000o\000i\000t\000a\000t\000i\000o\000n\000\040\000d\000u\000\040\000d\000o\000s\000s\000i\000e\000r\000\040\000d\000o\000c\000s}{}% 26
\BOOKMARK [2][-]{subsection.10.1}{\376\377\000C\000a\000p\000t\000u\000r\000e\000s\000\040\000d\000'\000\351\000c\000r\000a\000n\000\040\000d\000e\000\040\000l\000'\000a\000p\000p\000l\000i\000c\000a\000t\000i\000o\000n}{section.10}% 27
\BOOKMARK [3][-]{subsubsection.10.1.1}{\376\377\000V\000u\000e\000\040\000a\000d\000m\000i\000n\000i\000s\000t\000r\000a\000t\000e\000u\000r}{subsection.10.1}% 28
\BOOKMARK [3][-]{subsubsection.10.1.2}{\376\377\000V\000u\000e\000\040\000u\000t\000i\000l\000i\000s\000a\000t\000e\000u\000r\000\040\000s\000t\000a\000n\000d\000a\000r\000d}{subsection.10.1}% 29
\BOOKMARK [2][-]{subsection.10.2}{\376\377\000D\000i\000a\000g\000r\000a\000m\000m\000e\000s\000\040\000U\000M\000L}{section.10}% 30
\BOOKMARK [3][-]{subsubsection.10.2.1}{\376\377\000D\000i\000a\000g\000r\000a\000m\000m\000e\000\040\000d\000e\000\040\000c\000a\000s\000\040\000d\000'\000u\000t\000i\000l\000i\000s\000a\000t\000i\000o\000n}{subsection.10.2}% 31
\BOOKMARK [3][-]{subsubsection.10.2.2}{\376\377\000D\000i\000a\000g\000r\000a\000m\000m\000e\000\040\000d\000e\000\040\000c\000l\000a\000s\000s\000e\000s}{subsection.10.2}% 32
\BOOKMARK [3][-]{subsubsection.10.2.3}{\376\377\000D\000i\000a\000g\000r\000a\000m\000m\000e\000\040\000d\000e\000\040\000c\000o\000m\000p\000o\000s\000a\000n\000t\000s}{subsection.10.2}% 33
\BOOKMARK [3][-]{subsubsection.10.2.4}{\376\377\000D\000i\000a\000g\000r\000a\000m\000m\000e\000\040\000d\000e\000\040\000s\000\351\000q\000u\000e\000n\000c\000e\000\040\000:\000\040\000c\000o\000n\000s\000u\000l\000t\000a\000t\000i\000o\000n\000\040\000d\000e\000\040\000l\000a\000\040\000l\000i\000s\000t\000e\000\040\000p\000r\000o\000d\000u\000i\000t\000s}{subsection.10.2}% 34
\BOOKMARK [3][-]{subsubsection.10.2.5}{\376\377\000D\000i\000a\000g\000r\000a\000m\000m\000e\000\040\000d\000e\000\040\000s\000\351\000q\000u\000e\000n\000c\000e\000\040\000:\000\040\000d\000\351\000c\000o\000n\000n\000e\000x\000i\000o\000n}{subsection.10.2}% 35
\BOOKMARK [3][-]{subsubsection.10.2.6}{\376\377\000D\000i\000a\000g\000r\000a\000m\000m\000e\000\040\000d\000'\000a\000c\000t\000i\000v\000i\000t\000\351\000\040\000:\000\040\000a\000j\000o\000u\000t\000\040\000p\000r\000o\000d\000u\000i\000t}{subsection.10.2}% 36
\BOOKMARK [3][-]{subsubsection.10.2.7}{\376\377\000D\000i\000a\000g\000r\000a\000m\000m\000e\000\040\000d\000'\000\351\000t\000a\000t\000s\000\040\000:\000\040\000s\000t\000a\000t\000u\000t\000\040\000d\000e\000\040\000s\000t\000o\000c\000k}{subsection.10.2}% 37
\BOOKMARK [1][-]{section.11}{\376\377\000C\000o\000n\000c\000l\000u\000s\000i\000o\000n\000\040\000e\000t\000\040\000p\000e\000r\000s\000p\000e\000c\000t\000i\000v\000e\000s}{}% 38
